
> @pennyfarthing/core@7.2.0 test
> pnpm -r test packages/cyclist/tests/MSSCI-11944-event-driven-badges.test.ts

Scope: 3 of 4 workspace projects
[36mpackages/shared[39m [96mtest[39m$ node --test dist/*.test.js "packages/cyclist/tests/MSSCI-11944-event-driven-badges.test.ts"
[36mpackages/shared[39m [96mtest[39m: Error: Registry not found: /nonexistent/path.yaml
[36mpackages/shared[39m [96mtest[39m: ▶ Story 9-4: Skill Documentation Generator
[36mpackages/shared[39m [96mtest[39m:   ▶ AC1: Auto-generate docs/SKILLS.md from skill-registry.yaml
[36mpackages/shared[39m [96mtest[39m:     [32m✔ should read skill-registry.yaml and generate markdown [90m(9.03175ms)[39m[39m
[36mpackages/shared[39m [96mtest[39m:     [32m✔ should generate valid markdown output [90m(0.451375ms)[39m[39m
[36mpackages/shared[39m [96mtest[39m:     [32m✔ should include all 20 skills from registry [90m(0.41175ms)[39m[39m
[36mpackages/shared[39m [96mtest[39m:     [32m✔ should be idempotent - running twice produces same output [90m(0.727792ms)[39m[39m
[36mpackages/shared[39m [96mtest[39m:     [32m✔ should handle custom output path [90m(1.604791ms)[39m[39m
[36mpackages/shared[39m [96mtest[39m:     [32m✔ should throw helpful error when registry file is missing [90m(0.575792ms)[39m[39m
[36mpackages/shared[39m [96mtest[39m:     [32m✔ should handle malformed YAML gracefully [90m(0.618834ms)[39m[39m
[36mpackages/shared[39m [96mtest[39m:   [32m✔ AC1: Auto-generate docs/SKILLS.md from skill-registry.yaml [90m(13.873959ms)[39m[39m
[36mpackages/shared[39m [96mtest[39m:   ▶ AC2: Include all skill metadata
[36mpackages/shared[39m [96mtest[39m:     [32m✔ should include skill description in output [90m(0.706792ms)[39m[39m
[36mpackages/shared[39m [96mtest[39m:     [32m✔ should include tags for each skill [90m(0.399875ms)[39m[39m
[36mpackages/shared[39m [96mtest[39m:     [32m✔ should include examples for each skill [90m(0.358291ms)[39m[39m
[36mpackages/shared[39m [96mtest[39m:     [32m✔ should include anti-patterns for each skill [90m(0.35175ms)[39m[39m
[36mpackages/shared[39m [96mtest[39m:     [32m✔ should include related skills references [90m(0.398959ms)[39m[39m
[36mpackages/shared[39m [96mtest[39m:     [32m✔ should include keywords for searchability [90m(0.349041ms)[39m[39m
[36mpackages/shared[39m [96mtest[39m:     [32m✔ should validate required fields are present in registry [90m(0.74925ms)[39m[39m
[36mpackages/shared[39m [96mtest[39m:   [32m✔ AC2: Include all skill metadata [90m(3.6135ms)[39m[39m
[36mpackages/shared[39m [96mtest[39m:   ▶ AC3: Category organization with table of contents
[36mpackages/shared[39m [96mtest[39m:     [32m✔ should organize skills by category [90m(2.25775ms)[39m[39m
[36mpackages/shared[39m [96mtest[39m:     [32m✔ should include table of contents with links [90m(1.615292ms)[39m[39m
[36mpackages/shared[39m [96mtest[39m:     [32m✔ should place skills under correct category heading [90m(0.296625ms)[39m[39m
[36mpackages/shared[39m [96mtest[39m:     [32m✔ should sort categories alphabetically [90m(0.261583ms)[39m[39m
[36mpackages/shared[39m [96mtest[39m:     [32m✔ should sort skills alphabetically within category [90m(0.256542ms)[39m[39m
[36mpackages/shared[39m [96mtest[39m:     [32m✔ should generate valid TOC anchors [90m(0.62775ms)[39m[39m
[36mpackages/shared[39m [96mtest[39m:   [32m✔ AC3: Category organization with table of contents [90m(5.402417ms)[39m[39m
[36mpackages/shared[39m [96mtest[39m:   ▶ AC4: Build process triggers doc generation
[36mpackages/shared[39m [96mtest[39m:     [32m✔ should have generate-skill-docs.sh script [90m(0.084959ms)[39m[39m
[36mpackages/shared[39m [96mtest[39m:     [32m✔ should script be executable [90m(0.079333ms)[39m[39m
[36mpackages/shared[39m [96mtest[39m:     [32m✔ should script produce output when run directly [90m(107.511959ms)[39m[39m
[36mpackages/shared[39m [96mtest[39m:     [32m✔ should package.json include docs generation script [90m(0.313834ms)[39m[39m
[36mpackages/shared[39m [96mtest[39m:     [32m✔ should build script include docs generation [90m(0.091875ms)[39m[39m
[36mpackages/shared[39m [96mtest[39m:     [32m✔ should generate fresh docs match current registry [90m(0.608459ms)[39m[39m
[36mpackages/shared[39m [96mtest[39m:   [32m✔ AC4: Build process triggers doc generation [90m(108.790375ms)[39m[39m
[36mpackages/shared[39m [96mtest[39m:   ▶ Shell Script Integration
[36mpackages/shared[39m [96mtest[39m:     [32m✔ should script accept --help flag [90m(45.736375ms)[39m[39m
[36mpackages/shared[39m [96mtest[39m:     [32m✔ should script accept custom registry path [90m(51.738417ms)[39m[39m
[36mpackages/shared[39m [96mtest[39m:     [32m✔ should script exit with error code on failure [90m(13.993041ms)[39m[39m
[36mpackages/shared[39m [96mtest[39m:   [32m✔ Shell Script Integration [90m(111.578917ms)[39m[39m
[36mpackages/shared[39m [96mtest[39m:   ▶ Error Handling
[36mpackages/shared[39m [96mtest[39m:     [32m✔ should handle empty registry gracefully [90m(0.96225ms)[39m[39m
[36mpackages/shared[39m [96mtest[39m:     [32m✔ should handle skills with missing optional fields [90m(0.565208ms)[39m[39m
[36mpackages/shared[39m [96mtest[39m:     [32m✔ should handle special characters in skill content [90m(0.868166ms)[39m[39m
[36mpackages/shared[39m [96mtest[39m:   [32m✔ Error Handling [90m(2.483041ms)[39m[39m
[36mpackages/shared[39m [96mtest[39m: [32m✔ Story 9-4: Skill Documentation Generator [90m(246.069875ms)[39m[39m
[36mpackages/shared[39m [96mtest[39m: ▶ portrait-resolver
[36mpackages/shared[39m [96mtest[39m:   ▶ resolvePennyfarthingDist
[36mpackages/shared[39m [96mtest[39m:     [32m✔ should return PENNYFARTHING_DIST env var when set and path exists [90m(0.522709ms)[39m[39m
[36mpackages/shared[39m [96mtest[39m:     [32m✔ should fall through when PENNYFARTHING_DIST is set but path does not exist [90m(0.160208ms)[39m[39m
[36mpackages/shared[39m [96mtest[39m:     [32m✔ should find monorepo root pennyfarthing-dist directory [90m(0.108625ms)[39m[39m
[36mpackages/shared[39m [96mtest[39m:     [32m✔ should find sibling pennyfarthing-dist directory [90m(0.106ms)[39m[39m
[36mpackages/shared[39m [96mtest[39m:     [32m✔ should find scoped npm package path [90m(0.118166ms)[39m[39m
[36mpackages/shared[39m [96mtest[39m:     [32m✔ should find legacy npm package path [90m(0.117834ms)[39m[39m
[36mpackages/shared[39m [96mtest[39m:     [32m✔ should return a valid path or null [90m(0.548666ms)[39m[39m
[36mpackages/shared[39m [96mtest[39m:     [32m✔ should check paths in priority order - env var takes precedence [90m(0.095458ms)[39m[39m
[36mpackages/shared[39m [96mtest[39m:   [32m✔ resolvePennyfarthingDist [90m(2.218292ms)[39m[39m
[36mpackages/shared[39m [96mtest[39m:   ▶ resolvePortraitPath
[36mpackages/shared[39m [96mtest[39m:     [32m✔ should resolve portrait path for valid theme and agent [90m(0.304459ms)[39m[39m
[36mpackages/shared[39m [96mtest[39m:     [32m✔ should return null for invalid theme [90m(0.119ms)[39m[39m
[36mpackages/shared[39m [96mtest[39m:     [32m✔ should return null for invalid agent [90m(0.107958ms)[39m[39m
[36mpackages/shared[39m [96mtest[39m:     [32m✔ should handle theme with special characters in name [90m(0.109958ms)[39m[39m
[36mpackages/shared[39m [96mtest[39m:     [32m✔ should handle portrait resolution when dist is found [90m(0.091ms)[39m[39m
[36mpackages/shared[39m [96mtest[39m:   [32m✔ resolvePortraitPath [90m(0.814875ms)[39m[39m
[36mpackages/shared[39m [96mtest[39m:   ▶ getPortraitPaths
[36mpackages/shared[39m [96mtest[39m:     [32m✔ should return correct paths structure [90m(0.044583ms)[39m[39m
[36mpackages/shared[39m [96mtest[39m:     [32m✔ should build portraitsDir correctly [90m(0.03575ms)[39m[39m
[36mpackages/shared[39m [96mtest[39m:     [32m✔ should build themesDir correctly [90m(0.033417ms)[39m[39m
[36mpackages/shared[39m [96mtest[39m:     [32m✔ should build agentsDir correctly [90m(0.028833ms)[39m[39m
[36mpackages/shared[39m [96mtest[39m:     [32m✔ should handle paths with trailing slashes [90m(0.028917ms)[39m[39m
[36mpackages/shared[39m [96mtest[39m:   [32m✔ getPortraitPaths [90m(0.218292ms)[39m[39m
[36mpackages/shared[39m [96mtest[39m: [32m✔ portrait-resolver [90m(3.490959ms)[39m[39m
[36mpackages/shared[39m [96mtest[39m: ▶ Story 9-2: Skill Search Utility
[36mpackages/shared[39m [96mtest[39m:   ▶ searchSkills() - Core Function
[36mpackages/shared[39m [96mtest[39m:     ▶ AC1: Script is functional
[36mpackages/shared[39m [96mtest[39m:       [32m✔ should read skill-registry.yaml and return all skills when no filters [90m(1.0615ms)[39m[39m
[36mpackages/shared[39m [96mtest[39m:       [32m✔ should return skills with required fields [90m(0.90375ms)[39m[39m
[36mpackages/shared[39m [96mtest[39m:       [32m✔ should filter by tag with --tag option [90m(0.322291ms)[39m[39m
[36mpackages/shared[39m [96mtest[39m:       [32m✔ should filter by keyword with --keyword option [90m(0.258125ms)[39m[39m
[36mpackages/shared[39m [96mtest[39m:       [32m✔ should search descriptions with --query option [90m(0.247625ms)[39m[39m
[36mpackages/shared[39m [96mtest[39m:     [32m✔ AC1: Script is functional [90m(3.228125ms)[39m[39m
[36mpackages/shared[39m [96mtest[39m:     ▶ AC2: Tag/keyword search returns expected results
[36mpackages/shared[39m [96mtest[39m:       [32m✔ should return testing skill when filtering by --tag tdd [90m(0.46275ms)[39m[39m
[36mpackages/shared[39m [96mtest[39m:       [32m✔ should return testing skill when filtering by --keyword vitest [90m(0.242916ms)[39m[39m
[36mpackages/shared[39m [96mtest[39m:       [32m✔ should return 4 skills when filtering by --category development [90m(0.341708ms)[39m[39m
[36mpackages/shared[39m [96mtest[39m:       [32m✔ should combine multiple filters with AND logic [90m(0.22875ms)[39m[39m
[36mpackages/shared[39m [96mtest[39m:       [32m✔ should return empty array for non-existent tag (not error) [90m(0.26ms)[39m[39m
[36mpackages/shared[39m [96mtest[39m:       [32m✔ should return empty array for non-existent keyword [90m(0.67025ms)[39m[39m
[36mpackages/shared[39m [96mtest[39m:       [32m✔ should handle case-insensitive tag matching [90m(0.922208ms)[39m[39m
[36mpackages/shared[39m [96mtest[39m:     [32m✔ AC2: Tag/keyword search returns expected results [90m(3.368292ms)[39m[39m
[36mpackages/shared[39m [96mtest[39m:     ▶ AC3: JSON output format
[36mpackages/shared[39m [96mtest[39m:       [32m✔ should return valid JSON-serializable results [90m(0.382708ms)[39m[39m
[36mpackages/shared[39m [96mtest[39m:       [32m✔ should include name, description, category, tags in each result [90m(0.224625ms)[39m[39m
[36mpackages/shared[39m [96mtest[39m:       [32m✔ should include keywords in results when present [90m(0.186292ms)[39m[39m
[36mpackages/shared[39m [96mtest[39m:     [32m✔ AC3: JSON output format [90m(0.871792ms)[39m[39m
[36mpackages/shared[39m [96mtest[39m:     ▶ Error Handling
[36mpackages/shared[39m [96mtest[39m:       [32m✔ should throw helpful error when registry file is missing [90m(0.305083ms)[39m[39m
[36mpackages/shared[39m [96mtest[39m:       [32m✔ should throw error for invalid category value [90m(0.104792ms)[39m[39m
[36mpackages/shared[39m [96mtest[39m:     [32m✔ Error Handling [90m(0.453333ms)[39m[39m
[36mpackages/shared[39m [96mtest[39m:   [32m✔ searchSkills() - Core Function [90m(8.153834ms)[39m[39m
[36mpackages/shared[39m [96mtest[39m:   ▶ Shell Wrapper Integration
[36mpackages/shared[39m [96mtest[39m:     [32m✔ should execute via bash wrapper [90m(84.124584ms)[39m[39m
[36mpackages/shared[39m [96mtest[39m:     [32m✔ should output JSON with --json flag via wrapper [90m(99.369666ms)[39m[39m
[36mpackages/shared[39m [96mtest[39m:     [32m✔ should filter by tag via wrapper [90m(54.706125ms)[39m[39m
[36mpackages/shared[39m [96mtest[39m:     [32m✔ should show human-readable table without --json flag [90m(85.728208ms)[39m[39m
[36mpackages/shared[39m [96mtest[39m:   [32m✔ Shell Wrapper Integration [90m(324.072209ms)[39m[39m
[36mpackages/shared[39m [96mtest[39m: [32m✔ Story 9-2: Skill Search Utility [90m(332.417292ms)[39m[39m
[36mpackages/shared[39m [96mtest[39m: ▶ Story 9-3: Skill Suggestions
[36mpackages/shared[39m [96mtest[39m:   ▶ AC1: Session-aware suggestions
[36mpackages/shared[39m [96mtest[39m:     [32m✔ should suggest skills based on story acceptance criteria [90m(1.844458ms)[39m[39m
[36mpackages/shared[39m [96mtest[39m:     [32m✔ should suggest skills based on current workflow phase [90m(0.542458ms)[39m[39m
[36mpackages/shared[39m [96mtest[39m:     [32m✔ should include relevance reason for each suggestion [90m(0.254708ms)[39m[39m
[36mpackages/shared[39m [96mtest[39m:     [32m✔ should return empty array when no story context available [90m(0.069959ms)[39m[39m
[36mpackages/shared[39m [96mtest[39m:     [32m✔ should suggest jira skill when story has Jira reference [90m(0.756792ms)[39m[39m
[36mpackages/shared[39m [96mtest[39m:   [32m✔ AC1: Session-aware suggestions [90m(3.846333ms)[39m[39m
[36mpackages/shared[39m [96mtest[39m:   ▶ AC2: Keyword-triggered suggestions
[36mpackages/shared[39m [96mtest[39m:     [32m✔ should extract keywords from user input and match skills [90m(0.3255ms)[39m[39m
[36mpackages/shared[39m [96mtest[39m:     [32m✔ should match skills by their registered keywords [90m(0.554792ms)[39m[39m
[36mpackages/shared[39m [96mtest[39m:     [32m✔ should score suggestions by keyword match count [90m(0.433ms)[39m[39m
[36mpackages/shared[39m [96mtest[39m:     [32m✔ should include score in each suggestion [90m(0.476666ms)[39m[39m
[36mpackages/shared[39m [96mtest[39m:     [32m✔ should return empty array for input with no skill keywords [90m(0.1ms)[39m[39m
[36mpackages/shared[39m [96mtest[39m:     [32m✔ should handle case-insensitive keyword matching [90m(1.376167ms)[39m[39m
[36mpackages/shared[39m [96mtest[39m:     [32m✔ should match skill tags in addition to keywords [90m(0.704ms)[39m[39m
[36mpackages/shared[39m [96mtest[39m:   [32m✔ AC2: Keyword-triggered suggestions [90m(4.163ms)[39m[39m
[36mpackages/shared[39m [96mtest[39m:   ▶ AC3: Non-intrusive presentation
[36mpackages/shared[39m [96mtest[39m:     [32m✔ should only return suggestions above confidence threshold [90m(0.291875ms)[39m[39m
[36mpackages/shared[39m [96mtest[39m:     [32m✔ should limit number of suggestions returned [90m(0.496584ms)[39m[39m
[36mpackages/shared[39m [96mtest[39m:     [32m✔ should exclude already-used skills from suggestions [90m(0.175875ms)[39m[39m
[36mpackages/shared[39m [96mtest[39m:     [32m✔ should return empty array when all matches are below threshold [90m(0.04875ms)[39m[39m
[36mpackages/shared[39m [96mtest[39m:     [32m✔ should combine session context and keywords when both provided [90m(0.516ms)[39m[39m
[36mpackages/shared[39m [96mtest[39m:     [32m✔ should respect default options when none provided [90m(0.370333ms)[39m[39m
[36mpackages/shared[39m [96mtest[39m:   [32m✔ AC3: Non-intrusive presentation [90m(1.967708ms)[39m[39m
[36mpackages/shared[39m [96mtest[39m:   ▶ SkillSuggestion interface
[36mpackages/shared[39m [96mtest[39m:     [32m✔ should include name, description, score, and reason [90m(0.268083ms)[39m[39m
[36mpackages/shared[39m [96mtest[39m:     [32m✔ should optionally include matchedOn for debugging [90m(0.297541ms)[39m[39m
[36mpackages/shared[39m [96mtest[39m:   [32m✔ SkillSuggestion interface [90m(0.595125ms)[39m[39m
[36mpackages/shared[39m [96mtest[39m:   ▶ Error handling
[36mpackages/shared[39m [96mtest[39m:     [32m✔ should handle invalid input gracefully [90m(0.041ms)[39m[39m
[36mpackages/shared[39m [96mtest[39m:     [32m✔ should handle missing registry gracefully [90m(0.068417ms)[39m[39m
[36mpackages/shared[39m [96mtest[39m:   [32m✔ Error handling [90m(0.137458ms)[39m[39m
[36mpackages/shared[39m [96mtest[39m: [32m✔ Story 9-3: Skill Suggestions [90m(10.983ms)[39m[39m
[36mpackages/shared[39m [96mtest[39m: ▶ theme-loader
[36mpackages/shared[39m [96mtest[39m:   ▶ loadTheme
[36mpackages/shared[39m [96mtest[39m:     [32m✔ should load a valid theme by name [90m(0.904625ms)[39m[39m
[36mpackages/shared[39m [96mtest[39m:     [32m✔ should return null for invalid theme name [90m(0.132083ms)[39m[39m
[36mpackages/shared[39m [96mtest[39m:     [32m✔ should include all required agent personas [90m(0.292584ms)[39m[39m
[36mpackages/shared[39m [96mtest[39m:     [32m✔ should parse agent properties correctly [90m(0.724375ms)[39m[39m
[36mpackages/shared[39m [96mtest[39m:   [32m✔ loadTheme [90m(2.417708ms)[39m[39m
[36mpackages/shared[39m [96mtest[39m:   ▶ listThemes
[36mpackages/shared[39m [96mtest[39m:     [32m✔ should return array of theme names [90m(0.449459ms)[39m[39m
[36mpackages/shared[39m [96mtest[39m:     [32m✔ should include known themes [90m(0.259792ms)[39m[39m
[36mpackages/shared[39m [96mtest[39m:   [32m✔ listThemes [90m(0.784417ms)[39m[39m
[36mpackages/shared[39m [96mtest[39m:   ▶ getAgentPersona
[36mpackages/shared[39m [96mtest[39m:     [32m✔ should return agent persona for valid theme and agent [90m(0.315958ms)[39m[39m
[36mpackages/shared[39m [96mtest[39m:     [32m✔ should return null for invalid theme [90m(0.145834ms)[39m[39m
[36mpackages/shared[39m [96mtest[39m:     [32m✔ should return null for invalid agent [90m(0.293291ms)[39m[39m
[36mpackages/shared[39m [96mtest[39m:     [32m✔ should return correct character for known persona [90m(0.353333ms)[39m[39m
[36mpackages/shared[39m [96mtest[39m:   [32m✔ getAgentPersona [90m(1.25ms)[39m[39m
[36mpackages/shared[39m [96mtest[39m: [32m✔ theme-loader [90m(4.768042ms)[39m[39m
[36mpackages/shared[39m [96mtest[39m: [34mℹ tests 103[39m
[36mpackages/shared[39m [96mtest[39m: [34mℹ suites 28[39m
[36mpackages/shared[39m [96mtest[39m: [34mℹ pass 103[39m
[36mpackages/shared[39m [96mtest[39m: [34mℹ fail 0[39m
[36mpackages/shared[39m [96mtest[39m: [34mℹ cancelled 0[39m
[36mpackages/shared[39m [96mtest[39m: [34mℹ skipped 0[39m
[36mpackages/shared[39m [96mtest[39m: [34mℹ todo 0[39m
[36mpackages/shared[39m [96mtest[39m: [34mℹ duration_ms 392.201625[39m
[36mpackages/shared[39m [96mtest[39m: Done
[35mpackages/core[39m [96mtest[39m$ node --test dist/**/*.test.js "packages/cyclist/tests/MSSCI-11944-event-driven-badges.test.ts"
[34mpackages/cyclist[39m [96mtest[39m$ vitest run "packages/cyclist/tests/MSSCI-11944-event-driven-badges.test.ts"
[35mpackages/core[39m [96mtest[39m: ▶ BMAD Context Reader (32-4)
[35mpackages/core[39m [96mtest[39m:   ▶ AC1: File detection and basic parsing
[35mpackages/core[39m [96mtest[39m:     [32m✔ should parse a minimal valid context file [90m(1.796375ms)[39m[39m
[35mpackages/core[39m [96mtest[39m:     [32m✔ should parse a complete context file with all sections [90m(0.777708ms)[39m[39m
[35mpackages/core[39m [96mtest[39m:     [32m✔ should extract overview section [90m(0.32875ms)[39m[39m
[35mpackages/core[39m [96mtest[39m:     [32m✔ should preserve multi-line overview content [90m(0.23375ms)[39m[39m
[35mpackages/core[39m [96mtest[39m:     [32m✔ should return errors for empty content [90m(0.049542ms)[39m[39m
[35mpackages/core[39m [96mtest[39m:     [32m✔ should return errors for whitespace-only content [90m(0.040125ms)[39m[39m
[35mpackages/core[39m [96mtest[39m:   [32m✔ AC1: File detection and basic parsing [90m(5.5665ms)[39m[39m
[35mpackages/core[39m [96mtest[39m:   ▶ AC2: Technology Stack parsing
[35mpackages/core[39m [96mtest[39m:     ▶ Frontend subsection
[35mpackages/core[39m [96mtest[39m:       [32m✔ should extract frontend framework [90m(0.0995ms)[39m[39m
[35mpackages/core[39m [96mtest[39m:       [32m✔ should extract frontend language [90m(0.066ms)[39m[39m
[35mpackages/core[39m [96mtest[39m:       [32m✔ should extract all frontend fields when present [90m(0.118958ms)[39m[39m
[35mpackages/core[39m [96mtest[39m:       [32m✔ should return undefined for missing frontend section [90m(0.085541ms)[39m[39m
[35mpackages/core[39m [96mtest[39m:     [32m✔ Frontend subsection [90m(0.47825ms)[39m[39m
[35mpackages/core[39m [96mtest[39m:     ▶ Backend subsection
[35mpackages/core[39m [96mtest[39m:       [32m✔ should extract backend language [90m(0.105292ms)[39m[39m
[35mpackages/core[39m [96mtest[39m:       [32m✔ should extract backend framework [90m(0.066041ms)[39m[39m
[35mpackages/core[39m [96mtest[39m:       [32m✔ should extract all backend fields when present [90m(0.0885ms)[39m[39m
[35mpackages/core[39m [96mtest[39m:       [32m✔ should return undefined for missing backend section [90m(0.039959ms)[39m[39m
[35mpackages/core[39m [96mtest[39m:     [32m✔ Backend subsection [90m(0.362375ms)[39m[39m
[35mpackages/core[39m [96mtest[39m:     ▶ Infrastructure subsection
[35mpackages/core[39m [96mtest[39m:       [32m✔ should extract all infrastructure fields when present [90m(0.085209ms)[39m[39m
[35mpackages/core[39m [96mtest[39m:       [32m✔ should return undefined for missing infrastructure section [90m(0.041292ms)[39m[39m
[35mpackages/core[39m [96mtest[39m:     [32m✔ Infrastructure subsection [90m(0.167583ms)[39m[39m
[35mpackages/core[39m [96mtest[39m:     ▶ Technology Stack edge cases
[35mpackages/core[39m [96mtest[39m:       [32m✔ should handle technology stack with only one subsection [90m(0.082292ms)[39m[39m
[35mpackages/core[39m [96mtest[39m:       [32m✔ should handle fields with extra whitespace [90m(0.04075ms)[39m[39m
[35mpackages/core[39m [96mtest[39m:       [32m✔ should handle fields without bold markers [90m(0.081708ms)[39m[39m
[35mpackages/core[39m [96mtest[39m:     [32m✔ Technology Stack edge cases [90m(0.239833ms)[39m[39m
[35mpackages/core[39m [96mtest[39m:   [32m✔ AC2: Technology Stack parsing [90m(1.362708ms)[39m[39m
[35mpackages/core[39m [96mtest[39m:   ▶ AC3: Critical Implementation Rules parsing
[35mpackages/core[39m [96mtest[39m:     [32m✔ should extract single rule [90m(0.076584ms)[39m[39m
[35mpackages/core[39m [96mtest[39m:     [32m✔ should extract multiple rules [90m(0.070708ms)[39m[39m
[35mpackages/core[39m [96mtest[39m:     [32m✔ should extract rule numbers correctly [90m(0.071584ms)[39m[39m
[35mpackages/core[39m [96mtest[39m:     [32m✔ should extract rule titles correctly [90m(0.069417ms)[39m[39m
[35mpackages/core[39m [96mtest[39m:     [32m✔ should extract rule descriptions correctly [90m(0.06475ms)[39m[39m
[35mpackages/core[39m [96mtest[39m:     [32m✔ should handle multi-line rule descriptions [90m(0.071542ms)[39m[39m
[35mpackages/core[39m [96mtest[39m:     [32m✔ should preserve inline code in rule descriptions [90m(0.066167ms)[39m[39m
[35mpackages/core[39m [96mtest[39m:     [32m✔ should return empty array when rules section is missing [90m(0.075834ms)[39m[39m
[35mpackages/core[39m [96mtest[39m:     [32m✔ should handle rules with special characters in title [90m(0.055ms)[39m[39m
[35mpackages/core[39m [96mtest[39m:   [32m✔ AC3: Critical Implementation Rules parsing [90m(0.703833ms)[39m[39m
[35mpackages/core[39m [96mtest[39m:   ▶ AC4: Type structure and integration
[35mpackages/core[39m [96mtest[39m:     [32m✔ should return success: true for valid context [90m(0.0825ms)[39m[39m
[35mpackages/core[39m [96mtest[39m:     [32m✔ should return success: false with errors for invalid context [90m(0.037417ms)[39m[39m
[35mpackages/core[39m [96mtest[39m:     [32m✔ should populate all BmadProjectContext fields [90m(0.072375ms)[39m[39m
[35mpackages/core[39m [96mtest[39m:     [32m✔ should have correct TechnologyStack structure [90m(0.083417ms)[39m[39m
[35mpackages/core[39m [96mtest[39m:     [32m✔ should have correct ImplementationRule structure [90m(0.060958ms)[39m[39m
[35mpackages/core[39m [96mtest[39m:     [32m✔ should include error details with section name [90m(1.232166ms)[39m[39m
[35mpackages/core[39m [96mtest[39m:     [32m✔ should accumulate multiple errors [90m(0.057292ms)[39m[39m
[35mpackages/core[39m [96mtest[39m:   [32m✔ AC4: Type structure and integration [90m(1.70875ms)[39m[39m
[35mpackages/core[39m [96mtest[39m:   ▶ AC5: Optional sections and CLAUDE.md compatibility
[35mpackages/core[39m [96mtest[39m:     ▶ Project Structure section
[35mpackages/core[39m [96mtest[39m:       [32m✔ should extract project structure when present [90m(0.453292ms)[39m[39m
[35mpackages/core[39m [96mtest[39m:       [32m✔ should return undefined when project structure missing [90m(0.091125ms)[39m[39m
[35mpackages/core[39m [96mtest[39m:     [32m✔ Project Structure section [90m(0.582875ms)[39m[39m
[35mpackages/core[39m [96mtest[39m:     ▶ Coding Standards section
[35mpackages/core[39m [96mtest[39m:       [32m✔ should extract coding standards when present [90m(0.109ms)[39m[39m
[35mpackages/core[39m [96mtest[39m:       [32m✔ should return undefined when coding standards missing [90m(0.047708ms)[39m[39m
[35mpackages/core[39m [96mtest[39m:     [32m✔ Coding Standards section [90m(0.198625ms)[39m[39m
[35mpackages/core[39m [96mtest[39m:     ▶ AI Agent Guidance section
[35mpackages/core[39m [96mtest[39m:       [32m✔ should extract AI agent guidance when present [90m(0.082791ms)[39m[39m
[35mpackages/core[39m [96mtest[39m:       [32m✔ should parse Do subsection [90m(0.071959ms)[39m[39m
[35mpackages/core[39m [96mtest[39m:       [32m✔ should parse Don't subsection [90m(0.065167ms)[39m[39m
[35mpackages/core[39m [96mtest[39m:       [32m✔ should parse Context Loading subsection [90m(0.056333ms)[39m[39m
[35mpackages/core[39m [96mtest[39m:       [32m✔ should return undefined when AI guidance missing [90m(0.039542ms)[39m[39m
[35mpackages/core[39m [96mtest[39m:     [32m✔ AI Agent Guidance section [90m(0.358709ms)[39m[39m
[35mpackages/core[39m [96mtest[39m:     ▶ External Dependencies section
[35mpackages/core[39m [96mtest[39m:       [32m✔ should extract external dependencies when present [90m(0.068125ms)[39m[39m
[35mpackages/core[39m [96mtest[39m:       [32m✔ should parse dependency table rows [90m(0.069416ms)[39m[39m
[35mpackages/core[39m [96mtest[39m:       [32m✔ should return undefined when dependencies missing [90m(0.037041ms)[39m[39m
[35mpackages/core[39m [96mtest[39m:     [32m✔ External Dependencies section [90m(0.212167ms)[39m[39m
[35mpackages/core[39m [96mtest[39m:     ▶ Environment Setup section
[35mpackages/core[39m [96mtest[39m:       [32m✔ should extract environment setup when present [90m(0.06775ms)[39m[39m
[35mpackages/core[39m [96mtest[39m:       [32m✔ should return undefined when environment setup missing [90m(0.040083ms)[39m[39m
[35mpackages/core[39m [96mtest[39m:     [32m✔ Environment Setup section [90m(0.129084ms)[39m[39m
[35mpackages/core[39m [96mtest[39m:     ▶ CLAUDE.md compatibility
[35mpackages/core[39m [96mtest[39m:       [32m✔ should not conflict with CLAUDE.md section names [90m(0.043333ms)[39m[39m
[35mpackages/core[39m [96mtest[39m:       [32m✔ should parse context independently of CLAUDE.md [90m(0.033625ms)[39m[39m
[35mpackages/core[39m [96mtest[39m:     [32m✔ CLAUDE.md compatibility [90m(0.098208ms)[39m[39m
[35mpackages/core[39m [96mtest[39m:   [32m✔ AC5: Optional sections and CLAUDE.md compatibility [90m(1.749167ms)[39m[39m
[35mpackages/core[39m [96mtest[39m:   ▶ Edge cases and error handling
[35mpackages/core[39m [96mtest[39m:     [32m✔ should handle Windows line endings (CRLF) [90m(0.238583ms)[39m[39m
[35mpackages/core[39m [96mtest[39m:     [32m✔ should handle extra blank lines between sections [90m(0.265417ms)[39m[39m
[35mpackages/core[39m [96mtest[39m:     [32m✔ should handle section headers with extra spaces [90m(0.092666ms)[39m[39m
[35mpackages/core[39m [96mtest[39m:     [32m✔ should handle missing H1 header gracefully [90m(0.093084ms)[39m[39m
[35mpackages/core[39m [96mtest[39m:     [32m✔ should handle technology fields with colons in values [90m(0.091375ms)[39m[39m
[35mpackages/core[39m [96mtest[39m:     [32m✔ should handle empty Technology Stack section [90m(0.071208ms)[39m[39m
[35mpackages/core[39m [96mtest[39m:     [32m✔ should handle rules without bold title format [90m(0.100625ms)[39m[39m
[35mpackages/core[39m [96mtest[39m:     [32m✔ should handle markdown code blocks in content [90m(0.092375ms)[39m[39m
[35mpackages/core[39m [96mtest[39m:     [32m✔ should handle content with no matching sections [90m(0.086875ms)[39m[39m
[35mpackages/core[39m [96mtest[39m:   [32m✔ Edge cases and error handling [90m(1.502ms)[39m[39m
[35mpackages/core[39m [96mtest[39m: [32m✔ BMAD Context Reader (32-4) [90m(13.418666ms)[39m[39m
[35mpackages/core[39m [96mtest[39m: ▶ Story ID Utilities
[35mpackages/core[39m [96mtest[39m:   ▶ convertStoryId
[35mpackages/core[39m [96mtest[39m:     [32m✔ should convert N.M to N-M format [90m(0.306083ms)[39m[39m
[35mpackages/core[39m [96mtest[39m:   [32m✔ convertStoryId [90m(0.626875ms)[39m[39m
[35mpackages/core[39m [96mtest[39m:   ▶ isValidStoryId
[35mpackages/core[39m [96mtest[39m:     [32m✔ should accept valid N.M format [90m(0.151084ms)[39m[39m
[35mpackages/core[39m [96mtest[39m:     [32m✔ should reject invalid formats [90m(0.05825ms)[39m[39m
[35mpackages/core[39m [96mtest[39m:   [32m✔ isValidStoryId [90m(0.396459ms)[39m[39m
[35mpackages/core[39m [96mtest[39m:   ▶ parseStoryId
[35mpackages/core[39m [96mtest[39m:     [32m✔ should extract epic and story numbers [90m(0.869916ms)[39m[39m
[35mpackages/core[39m [96mtest[39m:     [32m✔ should handle larger numbers [90m(0.142541ms)[39m[39m
[35mpackages/core[39m [96mtest[39m:     [32m✔ should return null for invalid IDs [90m(0.069667ms)[39m[39m
[35mpackages/core[39m [96mtest[39m:   [32m✔ parseStoryId [90m(1.256958ms)[39m[39m
[35mpackages/core[39m [96mtest[39m: [32m✔ Story ID Utilities [90m(2.554ms)[39m[39m
[35mpackages/core[39m [96mtest[39m: ▶ parseBmadEpics
[35mpackages/core[39m [96mtest[39m:   ▶ Empty and Invalid Content
[35mpackages/core[39m [96mtest[39m:     [32m✔ should reject empty content [90m(1.25675ms)[39m[39m
[35mpackages/core[39m [96mtest[39m:     [32m✔ should reject whitespace-only content [90m(0.165708ms)[39m[39m
[35mpackages/core[39m [96mtest[39m:     [32m✔ should reject content with no epics [90m(0.167625ms)[39m[39m
[35mpackages/core[39m [96mtest[39m:   [32m✔ Empty and Invalid Content [90m(1.729667ms)[39m[39m
[35mpackages/core[39m [96mtest[39m:   ▶ Single Epic Parsing
[35mpackages/core[39m [96mtest[39m:     [32m✔ should parse a single epic with one story [90m(0.893541ms)[39m[39m
[35mpackages/core[39m [96mtest[39m:     [32m✔ should parse multiple stories in one epic [90m(0.344292ms)[39m[39m
[35mpackages/core[39m [96mtest[39m:   [32m✔ Single Epic Parsing [90m(1.295291ms)[39m[39m
[35mpackages/core[39m [96mtest[39m:   ▶ Multiple Epics
[35mpackages/core[39m [96mtest[39m:     [32m✔ should parse multiple epics [90m(0.093875ms)[39m[39m
[35mpackages/core[39m [96mtest[39m:   [32m✔ Multiple Epics [90m(0.131917ms)[39m[39m
[35mpackages/core[39m [96mtest[39m:   ▶ Acceptance Criteria Parsing
[35mpackages/core[39m [96mtest[39m:     [32m✔ should parse BDD format acceptance criteria [90m(0.32075ms)[39m[39m
[35mpackages/core[39m [96mtest[39m:     [32m✔ should handle non-BDD acceptance criteria [90m(1.184083ms)[39m[39m
[35mpackages/core[39m [96mtest[39m:   [32m✔ Acceptance Criteria Parsing [90m(2.375875ms)[39m[39m
[35mpackages/core[39m [96mtest[39m:   ▶ Requirements Coverage
[35mpackages/core[39m [96mtest[39m:     [32m✔ should parse requirements coverage section [90m(0.205709ms)[39m[39m
[35mpackages/core[39m [96mtest[39m:     [32m✔ should handle missing requirements section [90m(0.059708ms)[39m[39m
[35mpackages/core[39m [96mtest[39m:   [32m✔ Requirements Coverage [90m(0.317125ms)[39m[39m
[35mpackages/core[39m [96mtest[39m:   ▶ Error Handling
[35mpackages/core[39m [96mtest[39m:     [32m✔ should report missing Points field [90m(0.0985ms)[39m[39m
[35mpackages/core[39m [96mtest[39m:     [32m✔ should report missing Priority field [90m(0.044625ms)[39m[39m
[35mpackages/core[39m [96mtest[39m:     [32m✔ should report invalid priority value [90m(0.03525ms)[39m[39m
[35mpackages/core[39m [96mtest[39m:     [32m✔ should report invalid story ID format [90m(0.030209ms)[39m[39m
[35mpackages/core[39m [96mtest[39m:     [32m✔ should include story location in error messages [90m(0.032583ms)[39m[39m
[35mpackages/core[39m [96mtest[39m:   [32m✔ Error Handling [90m(0.295084ms)[39m[39m
[35mpackages/core[39m [96mtest[39m:   ▶ Edge Cases
[35mpackages/core[39m [96mtest[39m:     [32m✔ should handle epic with no stories [90m(0.05225ms)[39m[39m
[35mpackages/core[39m [96mtest[39m:     [32m✔ should handle missing description section in story [90m(0.042084ms)[39m[39m
[35mpackages/core[39m [96mtest[39m:     [32m✔ should handle Windows line endings [90m(0.038959ms)[39m[39m
[35mpackages/core[39m [96mtest[39m:     [32m✔ should handle priority values with different casing [90m(0.030416ms)[39m[39m
[35mpackages/core[39m [96mtest[39m:     [32m✔ should preserve original BMAD ID alongside converted ID [90m(0.031417ms)[39m[39m
[35mpackages/core[39m [96mtest[39m:   [32m✔ Edge Cases [90m(0.237708ms)[39m[39m
[35mpackages/core[39m [96mtest[39m: [32m✔ parseBmadEpics [90m(6.564125ms)[39m[39m
[35mpackages/core[39m [96mtest[39m: ▶ Story ID Conversion
[35mpackages/core[39m [96mtest[39m:   ▶ bmadIdToPenny
[35mpackages/core[39m [96mtest[39m:     [32m✔ converts single dot to dash [90m(0.307833ms)[39m[39m
[35mpackages/core[39m [96mtest[39m:     [32m✔ converts multiple dots to dashes [90m(0.051417ms)[39m[39m
[35mpackages/core[39m [96mtest[39m:     [32m✔ handles larger numbers [90m(0.042458ms)[39m[39m
[35mpackages/core[39m [96mtest[39m:   [32m✔ bmadIdToPenny [90m(0.730583ms)[39m[39m
[35mpackages/core[39m [96mtest[39m:   ▶ pennyIdToBmad
[35mpackages/core[39m [96mtest[39m:     [32m✔ converts single dash to dot [90m(0.066791ms)[39m[39m
[35mpackages/core[39m [96mtest[39m:     [32m✔ converts multiple dashes to dots [90m(0.038958ms)[39m[39m
[35mpackages/core[39m [96mtest[39m:     [32m✔ handles larger numbers [90m(0.042416ms)[39m[39m
[35mpackages/core[39m [96mtest[39m:   [32m✔ pennyIdToBmad [90m(0.227458ms)[39m[39m
[35mpackages/core[39m [96mtest[39m:   ▶ isValidBmadStoryId
[35mpackages/core[39m [96mtest[39m:     [32m✔ returns true for valid dot notation [90m(0.133125ms)[39m[39m
[35mpackages/core[39m [96mtest[39m:     [32m✔ returns false for dash notation [90m(0.053708ms)[39m[39m
[35mpackages/core[39m [96mtest[39m:     [32m✔ returns false for invalid formats [90m(0.048458ms)[39m[39m
[35mpackages/core[39m [96mtest[39m:   [32m✔ isValidBmadStoryId [90m(0.3295ms)[39m[39m
[35mpackages/core[39m [96mtest[39m:   ▶ isValidPennyStoryId
[35mpackages/core[39m [96mtest[39m:     [32m✔ returns true for valid dash notation [90m(0.124709ms)[39m[39m
[35mpackages/core[39m [96mtest[39m:     [32m✔ returns false for dot notation [90m(0.035625ms)[39m[39m
[35mpackages/core[39m [96mtest[39m:     [32m✔ returns false for invalid formats [90m(0.041334ms)[39m[39m
[35mpackages/core[39m [96mtest[39m:   [32m✔ isValidPennyStoryId [90m(0.257ms)[39m[39m
[35mpackages/core[39m [96mtest[39m: [32m✔ Story ID Conversion [90m(1.82775ms)[39m[39m
[35mpackages/core[39m [96mtest[39m: ▶ AC4: Status Mapping
[35mpackages/core[39m [96mtest[39m:   ▶ mapBmadToPennyStatus
[35mpackages/core[39m [96mtest[39m:     [32m✔ maps ready-for-dev to backlog [90m(0.066916ms)[39m[39m
[35mpackages/core[39m [96mtest[39m:     [32m✔ maps in-progress to in_progress [90m(0.036166ms)[39m[39m
[35mpackages/core[39m [96mtest[39m:     [32m✔ maps review to needs_review [90m(0.0425ms)[39m[39m
[35mpackages/core[39m [96mtest[39m:     [32m✔ maps done to done [90m(0.030209ms)[39m[39m
[35mpackages/core[39m [96mtest[39m:     [32m✔ maps blocked to backlog [90m(0.028666ms)[39m[39m
[35mpackages/core[39m [96mtest[39m:   [32m✔ mapBmadToPennyStatus [90m(0.27225ms)[39m[39m
[35mpackages/core[39m [96mtest[39m:   ▶ mapPennyToBmadStatus
[35mpackages/core[39m [96mtest[39m:     [32m✔ maps backlog to ready-for-dev [90m(0.056542ms)[39m[39m
[35mpackages/core[39m [96mtest[39m:     [32m✔ maps in_progress to in-progress [90m(0.026042ms)[39m[39m
[35mpackages/core[39m [96mtest[39m:     [32m✔ maps needs_review to review [90m(0.028834ms)[39m[39m
[35mpackages/core[39m [96mtest[39m:     [32m✔ maps approved to review [90m(0.076375ms)[39m[39m
[35mpackages/core[39m [96mtest[39m:     [32m✔ maps done to done [90m(0.032417ms)[39m[39m
[35mpackages/core[39m [96mtest[39m:   [32m✔ mapPennyToBmadStatus [90m(0.285959ms)[39m[39m
[35mpackages/core[39m [96mtest[39m:   ▶ round-trip mapping
[35mpackages/core[39m [96mtest[39m:     [32m✔ backlog round-trips correctly [90m(0.049792ms)[39m[39m
[35mpackages/core[39m [96mtest[39m:     [32m✔ in_progress round-trips correctly [90m(0.029792ms)[39m[39m
[35mpackages/core[39m [96mtest[39m:     [32m✔ done round-trips correctly [90m(0.030875ms)[39m[39m
[35mpackages/core[39m [96mtest[39m:   [32m✔ round-trip mapping [90m(0.154708ms)[39m[39m
[35mpackages/core[39m [96mtest[39m: [32m✔ AC4: Status Mapping [90m(0.788875ms)[39m[39m
[35mpackages/core[39m [96mtest[39m: ▶ AC1: parseBmadSprintStatus
[35mpackages/core[39m [96mtest[39m:   [32m✔ parses valid BMAD sprint status YAML [90m(4.753542ms)[39m[39m
[35mpackages/core[39m [96mtest[39m:   [32m✔ parses story fields correctly [90m(5.279084ms)[39m[39m
[35mpackages/core[39m [96mtest[39m:   [32m✔ parses metrics correctly [90m(1.395459ms)[39m[39m
[35mpackages/core[39m [96mtest[39m:   [32m✔ handles minimal valid YAML [90m(0.4785ms)[39m[39m
[35mpackages/core[39m [96mtest[39m:   [32m✔ handles blocked stories with blockers array [90m(0.82925ms)[39m[39m
[35mpackages/core[39m [96mtest[39m:   [32m✔ returns errors for invalid YAML [90m(0.817375ms)[39m[39m
[35mpackages/core[39m [96mtest[39m:   [32m✔ returns errors for missing sprint section [90m(0.295125ms)[39m[39m
[35mpackages/core[39m [96mtest[39m:   [32m✔ returns errors for invalid story ID format [90m(0.295916ms)[39m[39m
[35mpackages/core[39m [96mtest[39m:   [32m✔ returns errors for invalid status [90m(0.285208ms)[39m[39m
[35mpackages/core[39m [96mtest[39m: [32m✔ AC1: parseBmadSprintStatus [90m(14.587ms)[39m[39m
[35mpackages/core[39m [96mtest[39m: ▶ AC2: Import BMAD to Pennyfarthing
[35mpackages/core[39m [96mtest[39m:   ▶ convertBmadStoryToPenny
[35mpackages/core[39m [96mtest[39m:     [32m✔ converts story ID from dot to dash notation [90m(0.08525ms)[39m[39m
[35mpackages/core[39m [96mtest[39m:     [32m✔ maps status correctly [90m(0.030625ms)[39m[39m
[35mpackages/core[39m [96mtest[39m:     [32m✔ preserves optional fields [90m(0.044917ms)[39m[39m
[35mpackages/core[39m [96mtest[39m:     [32m✔ converts blocked status with blockers to blocked_reason [90m(0.049ms)[39m[39m
[35mpackages/core[39m [96mtest[39m:   [32m✔ convertBmadStoryToPenny [90m(0.2595ms)[39m[39m
[35mpackages/core[39m [96mtest[39m:   ▶ importFromBmadStatus
[35mpackages/core[39m [96mtest[39m:     [32m✔ updates existing stories [90m(0.113167ms)[39m[39m
[35mpackages/core[39m [96mtest[39m:     [32m✔ adds new stories from BMAD [90m(0.042833ms)[39m[39m
[35mpackages/core[39m [96mtest[39m:     [32m✔ tracks all field changes [90m(0.0585ms)[39m[39m
[35mpackages/core[39m [96mtest[39m:   [32m✔ importFromBmadStatus [90m(0.245084ms)[39m[39m
[35mpackages/core[39m [96mtest[39m: [32m✔ AC2: Import BMAD to Pennyfarthing [90m(0.545584ms)[39m[39m
[35mpackages/core[39m [96mtest[39m: ▶ AC3: Export Pennyfarthing to BMAD
[35mpackages/core[39m [96mtest[39m:   ▶ convertPennyStoryToBmad
[35mpackages/core[39m [96mtest[39m:     [32m✔ converts story ID from dash to dot notation [90m(0.065333ms)[39m[39m
[35mpackages/core[39m [96mtest[39m:     [32m✔ maps status correctly [90m(0.032542ms)[39m[39m
[35mpackages/core[39m [96mtest[39m:     [32m✔ maps approved to review [90m(0.02875ms)[39m[39m
[35mpackages/core[39m [96mtest[39m:     [32m✔ converts blocked_reason to blockers array and blocked status [90m(0.031ms)[39m[39m
[35mpackages/core[39m [96mtest[39m:     [32m✔ preserves optional fields [90m(0.030292ms)[39m[39m
[35mpackages/core[39m [96mtest[39m:   [32m✔ convertPennyStoryToBmad [90m(0.231416ms)[39m[39m
[35mpackages/core[39m [96mtest[39m:   ▶ exportToSprintStatus
[35mpackages/core[39m [96mtest[39m:     [32m✔ exports valid YAML [90m(1.899458ms)[39m[39m
[35mpackages/core[39m [96mtest[39m:     [32m✔ calculates metrics correctly [90m(0.378125ms)[39m[39m
[35mpackages/core[39m [96mtest[39m:     [32m✔ converts story IDs to dot notation [90m(0.211917ms)[39m[39m
[35mpackages/core[39m [96mtest[39m:     [32m✔ returns errors for missing sprint info [90m(0.036042ms)[39m[39m
[35mpackages/core[39m [96mtest[39m:   [32m✔ exportToSprintStatus [90m(2.569875ms)[39m[39m
[35mpackages/core[39m [96mtest[39m: [32m✔ AC3: Export Pennyfarthing to BMAD [90m(2.837166ms)[39m[39m
[35mpackages/core[39m [96mtest[39m: ▶ AC5: Conflict Detection
[35mpackages/core[39m [96mtest[39m:   [32m✔ detects no conflicts when statuses match mapping [90m(0.113542ms)[39m[39m
[35mpackages/core[39m [96mtest[39m:   [32m✔ detects status conflicts [90m(0.037375ms)[39m[39m
[35mpackages/core[39m [96mtest[39m:   [32m✔ detects assignee conflicts [90m(0.040417ms)[39m[39m
[35mpackages/core[39m [96mtest[39m:   [32m✔ detects completion date conflicts [90m(0.035916ms)[39m[39m
[35mpackages/core[39m [96mtest[39m:   [32m✔ ignores stories only in one system [90m(0.026375ms)[39m[39m
[35mpackages/core[39m [96mtest[39m:   [32m✔ detects multiple conflicts across stories [90m(0.047209ms)[39m[39m
[35mpackages/core[39m [96mtest[39m: [32m✔ AC5: Conflict Detection [90m(0.354292ms)[39m[39m
[35mpackages/core[39m [96mtest[39m: ▶ Round-trip: Export → Parse
[35mpackages/core[39m [96mtest[39m:   [32m✔ exported YAML can be parsed back [90m(3.333959ms)[39m[39m
[35mpackages/core[39m [96mtest[39m: [32m✔ Round-trip: Export → Parse [90m(3.371834ms)[39m[39m
[35mpackages/core[39m [96mtest[39m: ▶ BMAD Story Exporter (32-5)
[35mpackages/core[39m [96mtest[39m:   ▶ AC1: Exports session to BMAD story format
[35mpackages/core[39m [96mtest[39m:     [32m✔ should export minimal session to valid BMAD markdown [90m(0.467ms)[39m[39m
[35mpackages/core[39m [96mtest[39m:     [32m✔ should include story title as H1 header [90m(0.07375ms)[39m[39m
[35mpackages/core[39m [96mtest[39m:     [32m✔ should include Status section [90m(0.087666ms)[39m[39m
[35mpackages/core[39m [96mtest[39m:     [32m✔ should include Story section with user story [90m(0.053541ms)[39m[39m
[35mpackages/core[39m [96mtest[39m:     [32m✔ should include Acceptance Criteria section [90m(0.051417ms)[39m[39m
[35mpackages/core[39m [96mtest[39m:     [32m✔ should produce markdown that parses successfully [90m(0.516541ms)[39m[39m
[35mpackages/core[39m [96mtest[39m:     [32m✔ should preserve story title in round-trip [90m(0.119ms)[39m[39m
[35mpackages/core[39m [96mtest[39m:     [32m✔ should preserve user story in round-trip [90m(0.068917ms)[39m[39m
[35mpackages/core[39m [96mtest[39m:     [32m✔ should handle session without optional fields [90m(0.0645ms)[39m[39m
[35mpackages/core[39m [96mtest[39m:     [32m✔ should handle complete session with all fields [90m(0.094708ms)[39m[39m
[35mpackages/core[39m [96mtest[39m:     [32m✔ should return error for missing required fields [90m(0.053125ms)[39m[39m
[35mpackages/core[39m [96mtest[39m:     [32m✔ should return error for empty acceptance criteria [90m(0.056458ms)[39m[39m
[35mpackages/core[39m [96mtest[39m:   [32m✔ AC1: Exports session to BMAD story format [90m(2.736042ms)[39m[39m
[35mpackages/core[39m [96mtest[39m:   ▶ AC2: Populates Dev Agent Record section
[35mpackages/core[39m [96mtest[39m:     [32m✔ should include Dev Agent Record section when devAgentRecord provided [90m(0.0775ms)[39m[39m
[35mpackages/core[39m [96mtest[39m:     [32m✔ should include devAgentRecord content [90m(0.0365ms)[39m[39m
[35mpackages/core[39m [96mtest[39m:     [32m✔ should omit Dev Agent Record section when not provided [90m(0.041542ms)[39m[39m
[35mpackages/core[39m [96mtest[39m:     [32m✔ should include Dev Notes section when devNotes provided [90m(0.034ms)[39m[39m
[35mpackages/core[39m [96mtest[39m:     [32m✔ should preserve timestamps in dev notes [90m(0.027625ms)[39m[39m
[35mpackages/core[39m [96mtest[39m:     [32m✔ should preserve multiline dev agent records [90m(0.028541ms)[39m[39m
[35mpackages/core[39m [96mtest[39m:   [32m✔ AC2: Populates Dev Agent Record section [90m(0.315875ms)[39m[39m
[35mpackages/core[39m [96mtest[39m:   ▶ AC3: Updates File List with changed files
[35mpackages/core[39m [96mtest[39m:     [32m✔ should include File List section when fileList provided [90m(0.066ms)[39m[39m
[35mpackages/core[39m [96mtest[39m:     [32m✔ should list all files from fileList [90m(0.039458ms)[39m[39m
[35mpackages/core[39m [96mtest[39m:     [32m✔ should format files as bullet list [90m(0.027583ms)[39m[39m
[35mpackages/core[39m [96mtest[39m:     [32m✔ should omit File List section when not provided [90m(0.03725ms)[39m[39m
[35mpackages/core[39m [96mtest[39m:     [32m✔ should omit File List section when empty array [90m(0.067834ms)[39m[39m
[35mpackages/core[39m [96mtest[39m:     [32m✔ should preserve file paths with descriptions [90m(0.033792ms)[39m[39m
[35mpackages/core[39m [96mtest[39m:     [32m✔ should handle files with special characters in path [90m(0.029209ms)[39m[39m
[35mpackages/core[39m [96mtest[39m:   [32m✔ AC3: Updates File List with changed files [90m(0.367083ms)[39m[39m
[35mpackages/core[39m [96mtest[39m:   ▶ AC4: Marks completed tasks with [x]
[35mpackages/core[39m [96mtest[39m:     [32m✔ should include Tasks section when tasks provided [90m(0.06275ms)[39m[39m
[35mpackages/core[39m [96mtest[39m:     [32m✔ should mark completed tasks with [x] [90m(0.033625ms)[39m[39m
[35mpackages/core[39m [96mtest[39m:     [32m✔ should mark incomplete tasks with [ ] [90m(0.040167ms)[39m[39m
[35mpackages/core[39m [96mtest[39m:     [32m✔ should include nested subtasks with proper indentation [90m(0.045542ms)[39m[39m
[35mpackages/core[39m [96mtest[39m:     [32m✔ should preserve subtask completion state [90m(0.036875ms)[39m[39m
[35mpackages/core[39m [96mtest[39m:     [32m✔ should omit Tasks section when not provided [90m(0.039375ms)[39m[39m
[35mpackages/core[39m [96mtest[39m:     [32m✔ should omit Tasks section when empty array [90m(0.0395ms)[39m[39m
[35mpackages/core[39m [96mtest[39m:     [32m✔ should preserve task text with special characters [90m(0.032708ms)[39m[39m
[35mpackages/core[39m [96mtest[39m:     [32m✔ should round-trip task completion state through parser [90m(0.071375ms)[39m[39m
[35mpackages/core[39m [96mtest[39m:   [32m✔ AC4: Marks completed tasks with [x] [90m(0.490458ms)[39m[39m
[35mpackages/core[39m [96mtest[39m:   ▶ AC5: Sets appropriate status (review/done)
[35mpackages/core[39m [96mtest[39m:     [32m✔ should map done status to BMAD done [90m(0.082666ms)[39m[39m
[35mpackages/core[39m [96mtest[39m:     [32m✔ should map needs_review status to BMAD review [90m(0.043209ms)[39m[39m
[35mpackages/core[39m [96mtest[39m:     [32m✔ should map in_progress status to BMAD in-progress [90m(0.039625ms)[39m[39m
[35mpackages/core[39m [96mtest[39m:     [32m✔ should map backlog status to BMAD ready-for-dev [90m(0.038625ms)[39m[39m
[35mpackages/core[39m [96mtest[39m:     [32m✔ should handle approved status as review [90m(0.045625ms)[39m[39m
[35mpackages/core[39m [96mtest[39m:     [32m✔ should reject invalid status values [90m(0.033541ms)[39m[39m
[35mpackages/core[39m [96mtest[39m:     [32m✔ should handle status case-insensitively [90m(0.040708ms)[39m[39m
[35mpackages/core[39m [96mtest[39m:   [32m✔ AC5: Sets appropriate status (review/done) [90m(0.397959ms)[39m[39m
[35mpackages/core[39m [96mtest[39m:   ▶ Edge cases and error handling
[35mpackages/core[39m [96mtest[39m:     [32m✔ should handle special characters in title [90m(0.062917ms)[39m[39m
[35mpackages/core[39m [96mtest[39m:     [32m✔ should handle multiline user story [90m(0.044917ms)[39m[39m
[35mpackages/core[39m [96mtest[39m:     [32m✔ should handle empty optional string fields [90m(0.049667ms)[39m[39m
[35mpackages/core[39m [96mtest[39m:     [32m✔ should handle acceptance criteria with BDD format [90m(0.03325ms)[39m[39m
[35mpackages/core[39m [96mtest[39m:     [32m✔ should handle acceptance criteria with inline code [90m(0.030459ms)[39m[39m
[35mpackages/core[39m [96mtest[39m:     [32m✔ should produce consistent output for same input [90m(0.032375ms)[39m[39m
[35mpackages/core[39m [96mtest[39m:     [32m✔ should handle very long file lists [90m(0.054084ms)[39m[39m
[35mpackages/core[39m [96mtest[39m:     [32m✔ should handle deeply nested subtasks [90m(0.032167ms)[39m[39m
[35mpackages/core[39m [96mtest[39m:   [32m✔ Edge cases and error handling [90m(0.411292ms)[39m[39m
[35mpackages/core[39m [96mtest[39m:   ▶ Export options
[35mpackages/core[39m [96mtest[39m:     [32m✔ should accept optional export options [90m(0.050667ms)[39m[39m
[35mpackages/core[39m [96mtest[39m:     [32m✔ should include empty sections when includeEmptySections is true [90m(0.026958ms)[39m[39m
[35mpackages/core[39m [96mtest[39m:     [32m✔ should default to excluding empty sections [90m(0.03025ms)[39m[39m
[35mpackages/core[39m [96mtest[39m:   [32m✔ Export options [90m(0.143291ms)[39m[39m
[35mpackages/core[39m [96mtest[39m: [32m✔ BMAD Story Exporter (32-5) [90m(5.222583ms)[39m[39m
[35mpackages/core[39m [96mtest[39m: ▶ BMAD Story Parser (32-2)
[35mpackages/core[39m [96mtest[39m:   ▶ AC1: Valid story parsing
[35mpackages/core[39m [96mtest[39m:     [32m✔ should parse a minimal valid story [90m(1.892917ms)[39m[39m
[35mpackages/core[39m [96mtest[39m:     [32m✔ should parse a complete story with all sections [90m(0.353916ms)[39m[39m
[35mpackages/core[39m [96mtest[39m:     [32m✔ should extract title from H1 header [90m(0.595166ms)[39m[39m
[35mpackages/core[39m [96mtest[39m:     [32m✔ should handle title with special characters [90m(0.078083ms)[39m[39m
[35mpackages/core[39m [96mtest[39m:     [32m✔ should preserve whitespace in content sections [90m(0.100042ms)[39m[39m
[35mpackages/core[39m [96mtest[39m:   [32m✔ AC1: Valid story parsing [90m(3.449833ms)[39m[39m
[35mpackages/core[39m [96mtest[39m:   ▶ AC2: Section extraction
[35mpackages/core[39m [96mtest[39m:     ▶ Status section
[35mpackages/core[39m [96mtest[39m:       [32m✔ should extract ready-for-dev status [90m(0.10175ms)[39m[39m
[35mpackages/core[39m [96mtest[39m:       [32m✔ should extract in-progress status [90m(0.08ms)[39m[39m
[35mpackages/core[39m [96mtest[39m:       [32m✔ should extract review status [90m(0.0635ms)[39m[39m
[35mpackages/core[39m [96mtest[39m:       [32m✔ should extract done status [90m(0.074834ms)[39m[39m
[35mpackages/core[39m [96mtest[39m:       [32m✔ should reject invalid status values [90m(0.106042ms)[39m[39m
[35mpackages/core[39m [96mtest[39m:       [32m✔ should trim whitespace from status [90m(0.061667ms)[39m[39m
[35mpackages/core[39m [96mtest[39m:     [32m✔ Status section [90m(0.622291ms)[39m[39m
[35mpackages/core[39m [96mtest[39m:     ▶ Story section (user story)
[35mpackages/core[39m [96mtest[39m:       [32m✔ should extract user story text [90m(0.065ms)[39m[39m
[35mpackages/core[39m [96mtest[39m:       [32m✔ should handle multi-line user stories [90m(0.048083ms)[39m[39m
[35mpackages/core[39m [96mtest[39m:     [32m✔ Story section (user story) [90m(0.151416ms)[39m[39m
[35mpackages/core[39m [96mtest[39m:     ▶ Acceptance Criteria section
[35mpackages/core[39m [96mtest[39m:       [32m✔ should parse BDD-style criteria (Given/When/Then) [90m(0.078209ms)[39m[39m
[35mpackages/core[39m [96mtest[39m:       [32m✔ should parse multiple BDD criteria [90m(0.08525ms)[39m[39m
[35mpackages/core[39m [96mtest[39m:       [32m✔ should handle non-BDD criteria with raw text [90m(0.054083ms)[39m[39m
[35mpackages/core[39m [96mtest[39m:       [32m✔ should handle mixed BDD and non-BDD criteria [90m(0.055542ms)[39m[39m
[35mpackages/core[39m [96mtest[39m:       [32m✔ should preserve raw text for all criteria [90m(0.042083ms)[39m[39m
[35mpackages/core[39m [96mtest[39m:     [32m✔ Acceptance Criteria section [90m(0.3865ms)[39m[39m
[35mpackages/core[39m [96mtest[39m:     ▶ Dev Notes section
[35mpackages/core[39m [96mtest[39m:       [32m✔ should extract dev notes when present [90m(0.060625ms)[39m[39m
[35mpackages/core[39m [96mtest[39m:       [32m✔ should return null when dev notes missing [90m(0.034792ms)[39m[39m
[35mpackages/core[39m [96mtest[39m:     [32m✔ Dev Notes section [90m(0.129083ms)[39m[39m
[35mpackages/core[39m [96mtest[39m:     ▶ Dev Agent Record section
[35mpackages/core[39m [96mtest[39m:       [32m✔ should extract dev agent record when present [90m(0.070709ms)[39m[39m
[35mpackages/core[39m [96mtest[39m:       [32m✔ should return null when dev agent record missing [90m(0.03825ms)[39m[39m
[35mpackages/core[39m [96mtest[39m:     [32m✔ Dev Agent Record section [90m(0.151792ms)[39m[39m
[35mpackages/core[39m [96mtest[39m:     ▶ File List section
[35mpackages/core[39m [96mtest[39m:       [32m✔ should extract file list when present [90m(0.066709ms)[39m[39m
[35mpackages/core[39m [96mtest[39m:       [32m✔ should return empty array when file list missing [90m(0.324916ms)[39m[39m
[35mpackages/core[39m [96mtest[39m:       [32m✔ should handle file list with various formats [90m(0.052708ms)[39m[39m
[35mpackages/core[39m [96mtest[39m:     [32m✔ File List section [90m(0.491833ms)[39m[39m
[35mpackages/core[39m [96mtest[39m:   [32m✔ AC2: Section extraction [90m(2.08125ms)[39m[39m
[35mpackages/core[39m [96mtest[39m:   ▶ AC3: BmadStory interface population
[35mpackages/core[39m [96mtest[39m:     [32m✔ should return success: true for valid story [90m(0.0695ms)[39m[39m
[35mpackages/core[39m [96mtest[39m:     [32m✔ should return success: false with errors for invalid story [90m(0.056875ms)[39m[39m
[35mpackages/core[39m [96mtest[39m:     [32m✔ should populate all BmadStory fields for complete story [90m(0.059459ms)[39m[39m
[35mpackages/core[39m [96mtest[39m:     [32m✔ should have correct types for acceptance criteria [90m(0.052292ms)[39m[39m
[35mpackages/core[39m [96mtest[39m:     [32m✔ should have correct types for tasks [90m(0.05025ms)[39m[39m
[35mpackages/core[39m [96mtest[39m:   [32m✔ AC3: BmadStory interface population [90m(0.348833ms)[39m[39m
[35mpackages/core[39m [96mtest[39m:   ▶ AC4: Task checkbox parsing
[35mpackages/core[39m [96mtest[39m:     [32m✔ should parse completed tasks ([x]) [90m(0.073041ms)[39m[39m
[35mpackages/core[39m [96mtest[39m:     [32m✔ should parse incomplete tasks ([ ]) [90m(0.046375ms)[39m[39m
[35mpackages/core[39m [96mtest[39m:     [32m✔ should parse nested subtasks [90m(0.053125ms)[39m[39m
[35mpackages/core[39m [96mtest[39m:     [32m✔ should handle mixed completed/incomplete subtasks [90m(0.050541ms)[39m[39m
[35mpackages/core[39m [96mtest[39m:     [32m✔ should return empty tasks array when no tasks section [90m(0.038083ms)[39m[39m
[35mpackages/core[39m [96mtest[39m:     [32m✔ should handle tasks without subtasks [90m(0.047584ms)[39m[39m
[35mpackages/core[39m [96mtest[39m:     [32m✔ should handle deeply nested subtasks (2-space indent) [90m(0.047917ms)[39m[39m
[35mpackages/core[39m [96mtest[39m:   [32m✔ AC4: Task checkbox parsing [90m(0.4455ms)[39m[39m
[35mpackages/core[39m [96mtest[39m:   ▶ AC5: Error handling and edge cases
[35mpackages/core[39m [96mtest[39m:     ▶ Required section validation
[35mpackages/core[39m [96mtest[39m:       [32m✔ should reject story missing title [90m(0.058666ms)[39m[39m
[35mpackages/core[39m [96mtest[39m:       [32m✔ should reject story missing status section [90m(0.040625ms)[39m[39m
[35mpackages/core[39m [96mtest[39m:       [32m✔ should reject story missing story section [90m(0.03775ms)[39m[39m
[35mpackages/core[39m [96mtest[39m:       [32m✔ should reject story missing acceptance criteria [90m(0.037834ms)[39m[39m
[35mpackages/core[39m [96mtest[39m:     [32m✔ Required section validation [90m(0.223959ms)[39m[39m
[35mpackages/core[39m [96mtest[39m:     ▶ Error accumulation
[35mpackages/core[39m [96mtest[39m:       [32m✔ should report multiple errors at once [90m(0.045ms)[39m[39m
[35mpackages/core[39m [96mtest[39m:       [32m✔ should include section name in error [90m(0.04275ms)[39m[39m
[35mpackages/core[39m [96mtest[39m:       [32m✔ should include human-readable error message [90m(6.3335ms)[39m[39m
[35mpackages/core[39m [96mtest[39m:     [32m✔ Error accumulation [90m(6.639334ms)[39m[39m
[35mpackages/core[39m [96mtest[39m:     ▶ Edge cases
[35mpackages/core[39m [96mtest[39m:       [32m✔ should handle empty content [90m(0.22625ms)[39m[39m
[35mpackages/core[39m [96mtest[39m:       [32m✔ should handle content with only whitespace [90m(0.0435ms)[39m[39m
[35mpackages/core[39m [96mtest[39m:       [32m✔ should handle extra blank lines between sections [90m(0.063917ms)[39m[39m
[35mpackages/core[39m [96mtest[39m:       [32m✔ should handle section headers with extra spaces [90m(0.045834ms)[39m[39m
[35mpackages/core[39m [96mtest[39m:       [32m✔ should handle acceptance criteria with inline code [90m(0.045125ms)[39m[39m
[35mpackages/core[39m [96mtest[39m:       [32m✔ should handle Windows line endings (CRLF) [90m(0.111959ms)[39m[39m
[35mpackages/core[39m [96mtest[39m:       [32m✔ should handle Tasks section with alternative header name [90m(0.113166ms)[39m[39m
[35mpackages/core[39m [96mtest[39m:       [32m✔ should handle empty acceptance criteria section [90m(0.06875ms)[39m[39m
[35mpackages/core[39m [96mtest[39m:       [32m✔ should handle uppercase status values [90m(0.045541ms)[39m[39m
[35mpackages/core[39m [96mtest[39m:     [32m✔ Edge cases [90m(0.954708ms)[39m[39m
[35mpackages/core[39m [96mtest[39m:   [32m✔ AC5: Error handling and edge cases [90m(7.914875ms)[39m[39m
[35mpackages/core[39m [96mtest[39m: [32m✔ BMAD Story Parser (32-2) [90m(14.726958ms)[39m[39m
[35mpackages/core[39m [96mtest[39m: ▶ Output Styles
[35mpackages/core[39m [96mtest[39m:   [32m✔ should have output-styles directory [90m(0.327458ms)[39m[39m
[35mpackages/core[39m [96mtest[39m:   [32m✔ should have verbose.md output style [90m(0.124792ms)[39m[39m
[35mpackages/core[39m [96mtest[39m:   [32m✔ should have terse.md output style [90m(0.119667ms)[39m[39m
[35mpackages/core[39m [96mtest[39m:   [32m✔ should have teaching.md output style [90m(0.104167ms)[39m[39m
[35mpackages/core[39m [96mtest[39m: [32m✔ Output Styles [90m(1.137667ms)[39m[39m
[35mpackages/core[39m [96mtest[39m: ▶ Preferences Template
[35mpackages/core[39m [96mtest[39m:   [32m✔ should have preferences.yaml.template [90m(0.109041ms)[39m[39m
[35mpackages/core[39m [96mtest[39m:   [32m✔ should have valid YAML structure [90m(3.044459ms)[39m[39m
[35mpackages/core[39m [96mtest[39m:   [32m✔ should have character_voice preference [90m(0.4505ms)[39m[39m
[35mpackages/core[39m [96mtest[39m:   [32m✔ should have explain_decisions preference [90m(0.324125ms)[39m[39m
[35mpackages/core[39m [96mtest[39m:   [32m✔ should have auto_commit preference [90m(0.306167ms)[39m[39m
[35mpackages/core[39m [96mtest[39m:   [32m✔ should have documentation comments [90m(0.105584ms)[39m[39m
[35mpackages/core[39m [96mtest[39m: [32m✔ Preferences Template [90m(4.5445ms)[39m[39m
[35mpackages/core[39m [96mtest[39m: ▶ Story 11-3: Cyclist Migration into Monorepo
[35mpackages/core[39m [96mtest[39m:   ▶ AC1: packages/cyclist/ contains Cyclist source
[35mpackages/core[39m [96mtest[39m:     [32m✔ should have packages/cyclist directory [90m(0.479959ms)[39m[39m
[35mpackages/core[39m [96mtest[39m:     [32m✔ should have packages/cyclist/src directory [90m(0.1375ms)[39m[39m
[35mpackages/core[39m [96mtest[39m:     [32m✔ should have packages/cyclist/src/main.ts (Electron main process) [90m(0.06575ms)[39m[39m
[35mpackages/core[39m [96mtest[39m:     [32m✔ should have packages/cyclist/src/paths.ts (path resolution) [90m(0.056833ms)[39m[39m
[35mpackages/core[39m [96mtest[39m:     [32m✔ should have packages/cyclist/src/public directory [90m(0.06375ms)[39m[39m
[35mpackages/core[39m [96mtest[39m:     [32m✔ should have packages/cyclist/package.json [90m(0.052166ms)[39m[39m
[35mpackages/core[39m [96mtest[39m:     [32m✔ should have @pennyfarthing/cyclist as package name [90m(1.95275ms)[39m[39m
[35mpackages/core[39m [96mtest[39m:     [32m✔ should have packages/cyclist/tsconfig.json [90m(0.100375ms)[39m[39m
[35mpackages/core[39m [96mtest[39m:   [32m✔ AC1: packages/cyclist/ contains Cyclist source [90m(5.007ms)[39m[39m
[35mpackages/core[39m [96mtest[39m:   ▶ AC2: Dependencies use workspace:* for internal packages
[35mpackages/core[39m [96mtest[39m:     [32m✔ should have @pennyfarthing/shared as workspace dependency [90m(0.176583ms)[39m[39m
[35mpackages/core[39m [96mtest[39m:     [32m✔ should NOT have pennyfarthing GitHub dependency [90m(0.13425ms)[39m[39m
[35mpackages/core[39m [96mtest[39m:     [32m✔ should be listed in pnpm-workspace.yaml packages [90m(0.097834ms)[39m[39m
[35mpackages/core[39m [96mtest[39m:   [32m✔ AC2: Dependencies use workspace:* for internal packages [90m(0.495917ms)[39m[39m
[35mpackages/core[39m [96mtest[39m:   ▶ AC3: Portrait resolution uses @pennyfarthing/shared
[35mpackages/core[39m [96mtest[39m:     [32m✔ should import from @pennyfarthing/shared in paths.ts [90m(0.219667ms)[39m[39m
[35mpackages/core[39m [96mtest[39m:     [32m✔ should use resolvePennyfarthingDist from shared package [90m(1.386917ms)[39m[39m
[35mpackages/core[39m [96mtest[39m:     [32m✔ should use getPortraitPaths from shared package [90m(0.297583ms)[39m[39m
[35mpackages/core[39m [96mtest[39m:     [31m✖ should NOT have hardcoded pennyfarthing path in getPortraitsDir [90m(0.373958ms)[39m[39m
[35mpackages/core[39m [96mtest[39m:   [31m✖ AC3: Portrait resolution uses @pennyfarthing/shared [90m(2.4155ms)[39m[39m
[35mpackages/core[39m [96mtest[39m:   ▶ AC4: Electron app starts and shows portraits
[35mpackages/core[39m [96mtest[39m:     [32m✔ should have Electron dependency [90m(1.093041ms)[39m[39m
[35mpackages/core[39m [96mtest[39m:     [32m✔ should have build script in package.json [90m(0.116333ms)[39m[39m
[35mpackages/core[39m [96mtest[39m:     [32m✔ should have main entry point configured [90m(0.089208ms)[39m[39m
[35mpackages/core[39m [96mtest[39m:   [32m✔ AC4: Electron app starts and shows portraits [90m(1.441416ms)[39m[39m
[35mpackages/core[39m [96mtest[39m:   ▶ AC5: Dogfooding scenario works
[35mpackages/core[39m [96mtest[39m:     [32m✔ should resolve portraits from pennyfarthing-dist in monorepo [90m(0.057667ms)[39m[39m
[35mpackages/core[39m [96mtest[39m:     [32m✔ should have portraits directory in pennyfarthing-dist [90m(0.041042ms)[39m[39m
[35mpackages/core[39m [96mtest[39m:     [32m✔ should have at least one theme with portraits [90m(0.194ms)[39m[39m
[35mpackages/core[39m [96mtest[39m:     [32m✔ should have paths.ts configured to use shared resolver [90m(0.090875ms)[39m[39m
[35mpackages/core[39m [96mtest[39m:   [32m✔ AC5: Dogfooding scenario works [90m(0.4355ms)[39m[39m
[35mpackages/core[39m [96mtest[39m:   ▶ Build Integration
[35mpackages/core[39m [96mtest[39m:     [32m✔ should have valid tsconfig.json extending base [90m(0.115791ms)[39m[39m
[35mpackages/core[39m [96mtest[39m:     [32m✔ should have outDir configured for dist [90m(0.067417ms)[39m[39m
[35mpackages/core[39m [96mtest[39m:   [32m✔ Build Integration [90m(0.224542ms)[39m[39m
[35mpackages/core[39m [96mtest[39m:   ▶ Source File Completeness
[35mpackages/core[39m [96mtest[39m:     [32m✔ should have pennyfarthing.ts (persona/theme loading) [90m(0.081834ms)[39m[39m
[35mpackages/core[39m [96mtest[39m:     [32m✔ should have server.ts (Express server) [90m(0.120666ms)[39m[39m
[35mpackages/core[39m [96mtest[39m:     [32m✔ should have api/ directory [90m(0.076ms)[39m[39m
[35mpackages/core[39m [96mtest[39m:     [32m✔ should have tests/ directory [90m(0.050709ms)[39m[39m
[35mpackages/core[39m [96mtest[39m:   [32m✔ Source File Completeness [90m(0.428166ms)[39m[39m
[35mpackages/core[39m [96mtest[39m: [31m✖ Story 11-3: Cyclist Migration into Monorepo [90m(10.79375ms)[39m[39m
[34mpackages/cyclist[39m [96mtest[39m: [1m[46m RUN [49m[22m [36mv4.0.16 [39m[90m/Users/keithavery/Projects/pennyfarthing/packages/cyclist[39m
[34mpackages/cyclist[39m [96mtest[39m: [90m[31mNo test files found, exiting with code 1[39m
[34mpackages/cyclist[39m [96mtest[39m: [90m[39m[90m[39m
[34mpackages/cyclist[39m [96mtest[39m: [90m[2mfilter: [22m[33mpackages/cyclist/tests/MSSCI-11944-event-driven-badges.test.ts[39m[90m[39m
[34mpackages/cyclist[39m [96mtest[39m: [90m[2minclude: [22m[33mtests/**/*.test.ts[39m[90m[39m
[34mpackages/cyclist[39m [96mtest[39m: [90m[2mexclude:  [22m[33m**/node_modules/**[2m, [22m**/.git/**[39m[90m[39m
[34mpackages/cyclist[39m [96mtest[39m: Failed
/Users/keithavery/Projects/pennyfarthing/packages/cyclist:
[41m[30m ERR_PNPM_RECURSIVE_RUN_FIRST_FAIL [39m[49m [31m@pennyfarthing/cyclist@7.0.2 test: `vitest run "packages/cyclist/tests/MSSCI-11944-event-driven-badges.test.ts"`[39m
[31mExit status 1[39m
